// Jest Snapshot v1, https://goo.gl/fbAQLP

exports[`info 1`] = `Array []`;
